#-----------------------------------------------------------
# Vivado v2025.1 (64-bit)
# SW Build 6140274 on Thu May 22 00:12:29 MDT 2025
# IP Build 6138677 on Thu May 22 03:10:11 MDT 2025
# SharedData Build 6139179 on Tue May 20 17:58:58 MDT 2025
# Start of session at: Thu Jan 15 08:38:16 2026
# Process ID         : 15488
# Current directory  : D:/EDL_V1/EDL/EDL.runs/synth_1
# Command line       : vivado.exe -log BB_Descrambler.vds -product Vivado -mode batch -messageDb vivado.pb -notrace -source BB_Descrambler.tcl
# Log file           : D:/EDL_V1/EDL/EDL.runs/synth_1/BB_Descrambler.vds
# Journal file       : D:/EDL_V1/EDL/EDL.runs/synth_1\vivado.jou
# Running On         : HP
# Platform           : Windows Server 2016 or Windows 10
# Operating System   : 26100
# Processor Detail   : 12th Gen Intel(R) Core(TM) i5-1235U
# CPU Frequency      : 2496 MHz
# CPU Physical cores : 10
# CPU Logical cores  : 12
# Host memory        : 8245 MB
# Swap memory        : 8245 MB
# Total Virtual      : 16490 MB
# Available Virtual  : 7076 MB
#-----------------------------------------------------------
source BB_Descrambler.tcl -notrace
